******************************************************************************
                  MSP430 Linker PC v3.3.3                      
******************************************************************************
>> Linked Fri Mar 09 00:04:15 2012

OUTPUT FILE NAME:   <Project-Cheesecake.out>
ENTRY POINT SYMBOL: "_c_int00"  address: 0000217e


MEMORY CONFIGURATION

         name            origin    length      used     unused   attr    fill
----------------------  --------  ---------  --------  --------  ----  --------
  SFR                   00000000   00000010  00000000  00000010  RWIX
  PERIPHERALS_8BIT      00000010   000000f0  00000000  000000f0  RWIX
  PERIPHERALS_16BIT     00000100   00000100  00000000  00000100  RWIX
  INFOB                 00001000   00000080  00000000  00000080  RWIX
  INFOA                 00001080   00000080  00000000  00000080  RWIX
  RAM                   00001100   00001000  00000cf2  0000030e  RWIX
  FLASH                 00002100   0000dec0  00001b54  0000c36c  RWIX
  INT00                 0000ffc0   00000002  00000000  00000002  RWIX
  INT01                 0000ffc2   00000002  00000000  00000002  RWIX
  INT02                 0000ffc4   00000002  00000000  00000002  RWIX
  INT03                 0000ffc6   00000002  00000000  00000002  RWIX
  INT04                 0000ffc8   00000002  00000000  00000002  RWIX
  INT05                 0000ffca   00000002  00000000  00000002  RWIX
  INT06                 0000ffcc   00000002  00000000  00000002  RWIX
  INT07                 0000ffce   00000002  00000000  00000002  RWIX
  INT08                 0000ffd0   00000002  00000000  00000002  RWIX
  INT09                 0000ffd2   00000002  00000000  00000002  RWIX
  INT10                 0000ffd4   00000002  00000000  00000002  RWIX
  INT11                 0000ffd6   00000002  00000000  00000002  RWIX
  INT12                 0000ffd8   00000002  00000000  00000002  RWIX
  INT13                 0000ffda   00000002  00000000  00000002  RWIX
  INT14                 0000ffdc   00000002  00000000  00000002  RWIX
  INT15                 0000ffde   00000002  00000000  00000002  RWIX
  INT16                 0000ffe0   00000002  00000000  00000002  RWIX
  INT17                 0000ffe2   00000002  00000000  00000002  RWIX
  INT18                 0000ffe4   00000002  00000000  00000002  RWIX
  INT19                 0000ffe6   00000002  00000000  00000002  RWIX
  INT20                 0000ffe8   00000002  00000000  00000002  RWIX
  INT21                 0000ffea   00000002  00000000  00000002  RWIX
  INT22                 0000ffec   00000002  00000000  00000002  RWIX
  INT23                 0000ffee   00000002  00000000  00000002  RWIX
  INT24                 0000fff0   00000002  00000000  00000002  RWIX
  INT25                 0000fff2   00000002  00000000  00000002  RWIX
  INT26                 0000fff4   00000002  00000000  00000002  RWIX
  INT27                 0000fff6   00000002  00000000  00000002  RWIX
  INT28                 0000fff8   00000002  00000000  00000002  RWIX
  INT29                 0000fffa   00000002  00000000  00000002  RWIX
  INT30                 0000fffc   00000002  00000000  00000002  RWIX
  RESET                 0000fffe   00000002  00000002  00000000  RWIX
  FLASH2                00010000   00010000  00000000  00010000  RWIX


SECTION ALLOCATION MAP

 output                                  attributes/
section   page    origin      length       input sections
--------  ----  ----------  ----------   ----------------
.pinit     0    00002100    00000000     UNINITIALIZED

.sysmem    0    00001100    00000400     UNINITIALIZED
                  00001100    00000004     rts430x.lib : memory.obj (.sysmem)
                  00001104    000003fc     --HOLE--

.bss       0    00001500    000003d2     UNINITIALIZED
                  00001500    00000164     MSP430FG4619_IOPorts.obj (.bss)
                  00001664    0000011a     rts430x.lib : defs.obj (.bss)
                  0000177e    000000a2                 : lowlev.obj (.bss)
                  00001820    00000088                 : trgdrv.obj (.bss)
                  000018a8    0000000c     Drivers.obj (.bss)
                  000018b4    00000008     rts430x.lib : _lock.obj (.bss)
                  000018bc    00000008                 : boot.obj (.bss)
                  000018c4    00000008                 : memory.obj (.bss)
                  000018cc    00000004     System.obj (.bss)
                  000018d0    00000002     rts430x.lib : fopen.obj (.bss)

.cio       0    000018d2    00000120     UNINITIALIZED
                  000018d2    00000120     rts430x.lib : trgmsg.obj (.cio)

.stack     0    00001d00    00000400     UNINITIALIZED
                  00001d00    00000002     rts430x.lib : boot.obj (.stack)
                  00001d02    000003fe     --HOLE--

.cinit     0    00002100    0000007e     
                  00002100    00000042     rts430x.lib : lowlev.obj (.cinit)
                  00002142    0000002e                 : defs.obj (.cinit)
                  00002170    00000006                 : fopen.obj (.cinit)
                  00002176    00000006                 : memory.obj (.cinit)
                  0000217c    00000002     --HOLE-- [fill = 0]

.text:_isr 
*          0    0000217e    00000038     
                  0000217e    00000038     rts430x.lib : boot.obj (.text:_isr:_c_int00_noargs)

.text      0    000021b6    00001936     
                  000021b6    000004f8     MSP430FG4619_IOPorts.obj (.text:initialize_msp430_IO_ports)
                  000026ae    0000010e     rts430x.lib : _printfi_min.obj (.text:_setfield)
                  000027bc    000000d6                 : fputs.obj (.text:fputs)
                  00002892    000000ca     IOTypes.obj (.text:clearDigitalOutput)
                  0000295c    000000c2     IOTypes.obj (.text:setDigitalOutput)
                  00002a1e    000000c0     rts430x.lib : _printfi_min.obj (.text:_printfi_minimal)
                  00002ade    000000be     Watchdog.obj (.text:kickTheDog)
                  00002b9c    000000ba     rts430x.lib : setvbuf.obj (.text:setvbuf)
                  00002c56    000000a6                 : memory.obj (.text:malloc)
                  00002cfc    00000086                 : trgdrv.obj (.text:HOSTlseek)
                  00002d82    00000082                 : fputc.obj (.text:fputc)
                  00002e04    00000080                 : memory.obj (.text:free)
                  00002e84    0000007a                 : _io_perm.obj (.text:_wrt_ok)
                  00002efe    00000070     AnalogToDigitalConverter.obj (.text:initialize_analogToDigitalConverter)
                  00002f6e    0000006a     rts430x.lib : trgdrv.obj (.text:HOSTrename)
                  00002fd8    00000064                 : _printfi_min.obj (.text:_ltostr)
                  0000303c    00000062                 : trgdrv.obj (.text:HOSTopen)
                  0000309e    00000062                 : fflush.obj (.text:_doflush)
                  00003100    00000060                 : fclose.obj (.text:fclose)
                  00003160    0000005e                 : trgdrv.obj (.text:HOSTwrite)
                  000031be    0000005e                 : fseek.obj (.text:fseek)
                  0000321c    0000005c                 : trgdrv.obj (.text:HOSTread)
                  00003278    00000058                 : div32u.obj (.text)
                  000032d0    00000056                 : _printfi_min.obj (.text:_pproc_diouxp)
                  00003326    00000052                 : lowlev.obj (.text:getdevice)
                  00003378    00000050                 : lowlev.obj (.text:lseek)
                  000033c8    0000004a                 : lowlev.obj (.text:close)
                  00003412    00000046                 : autoinit.obj (.text:_auto_init)
                  00003458    00000044                 : trgdrv.obj (.text:HOSTclose)
                  0000349c    00000044                 : _printfi_min.obj (.text:_getarg_diouxp)
                  000034e0    00000044                 : fflush.obj (.text:fflush)
                  00003524    00000044                 : lowlev.obj (.text:write)
                  00003568    00000042                 : trgdrv.obj (.text:HOSTunlink)
                  000035aa    00000040                 : _printfi_min.obj (.text:_pproc_str)
                  000035ea    00000040     RealTimeClock.obj (.text:realTimeClock_reset)
                  0000362a    0000003e     rts430x.lib : lsl32.obj (.text:l_lsl_const)
                  00003668    0000003e                 : lsr32.obj (.text:l_lsr_const)
                  000036a6    0000003a                 : fopen.obj (.text:_cleanup)
                  000036e0    0000003a                 : memory.obj (.text:minit)
                  0000371a    00000038                 : strncpy.obj (.text:strncpy)
                  00003752    00000034                 : _printfi_min.obj (.text:_div)
                  00003786    00000030                 : lowlev.obj (.text:finddevice)
                  000037b6    0000002e                 : exit.obj (.text:exit)
                  000037e4    0000002e                 : printf.obj (.text:printf)
                  00003812    0000002e     System.obj (.text:system_main)
                  00003840    0000002e     rts430x.lib : trgmsg.obj (.text:writemsg)
                  0000386e    0000002c                 : trgmsg.obj (.text:readmsg)
                  0000389a    0000002c     RealTimeClock.obj (.text:realTimeClock_timeSinceLastCheck)
                  000038c6    0000002a     IOTypes.obj (.text:initializeAnalogInput)
                  000038f0    0000002a     rts430x.lib : lowlev.obj (.text:unlink)
                  0000391a    00000028                 : memccpy.obj (.text:memccpy)
                  00003942    00000026     IOTypes.obj (.text:initializeDigitalInput)
                  00003968    00000026     IOTypes.obj (.text:initializeDigitalOutput)
                  0000398e    00000026     IOTypes.obj (.text:initializeSerialInput)
                  000039b4    00000026     IOTypes.obj (.text:initializeSerialOutput)
                  000039da    00000018     rts430x.lib : strchr.obj (.text:strchr)
                  000039f2    00000018                 : strcmp.obj (.text:strcmp)
                  00003a0a    00000016                 : div16u.obj (.text)
                  00003a20    00000016                 : mult16_hw.obj (.text)
                  00003a36    00000016                 : strcpy.obj (.text:strcpy)
                  00003a4c    00000014     Drivers.obj (.text:drivers_initialize)
                  00003a60    00000014     rts430x.lib : memchr.obj (.text:memchr)
                  00003a74    00000014                 : memset.obj (.text:memset)
                  00003a88    00000012                 : memcpy.obj (.text:memcpy)
                  00003a9a    00000012                 : strlen.obj (.text:strlen)
                  00003aac    00000010     System.obj (.text:system_initialize)
                  00003abc    0000000a     main.obj (.text:main)
                  00003ac6    0000000a     Watchdog.obj (.text:watchdog_initialize)
                  00003ad0    00000006     rts430x.lib : printf.obj (.text:_outc)
                  00003ad6    00000004                 : printf.obj (.text:_outs)
                  00003ada    00000004                 : pre_init.obj (.text:_system_pre_init)
                  00003ade    00000004                 : exit.obj (.text:abort)
                  00003ae2    00000004                 : remove.obj (.text:remove)
                  00003ae6    00000002                 : _lock.obj (.text:_nop)
                  00003ae8    00000002     Application.obj (.text:application_initialize)
                  00003aea    00000002     Application.obj (.text:application_main)

.const     0    00003aec    00000168     
                  00003aec    0000007c     IOTypes.obj (.const:.string)
                  00003b68    00000070     TestApplication.obj (.const:.string)
                  00003bd8    00000060     Watchdog.obj (.const:.string)
                  00003c38    00000014     rts430x.lib : _printfi_min.obj (.const:.string)
                  00003c4c    00000004     SystemConfig.obj (.const)
                  00003c50    00000002     rts430x.lib : fputs.obj (.const:.string)
                  00003c52    00000002     DriversConfig.obj (.const)

.reset     0    0000fffe    00000002     
                  0000fffe    00000002     rts430x.lib : boot.obj (.reset)


GLOBAL SYMBOLS: SORTED ALPHABETICALLY BY Name 

address    name
--------   ----
00001500   .bss
ffffffff   .text
000001a0   ADC12CTL0
000001a2   ADC12CTL1
000001a6   ADC12IE
000001a4   ADC12IFG
000001a8   ADC12IV
00000080   ADC12MCTL0
00000081   ADC12MCTL1
0000008a   ADC12MCTL10
0000008b   ADC12MCTL11
0000008c   ADC12MCTL12
0000008d   ADC12MCTL13
0000008e   ADC12MCTL14
0000008f   ADC12MCTL15
00000082   ADC12MCTL2
00000083   ADC12MCTL3
00000084   ADC12MCTL4
00000085   ADC12MCTL5
00000086   ADC12MCTL6
00000087   ADC12MCTL7
00000088   ADC12MCTL8
00000089   ADC12MCTL9
00000140   ADC12MEM0
00000142   ADC12MEM1
00000154   ADC12MEM10
00000156   ADC12MEM11
00000158   ADC12MEM12
0000015a   ADC12MEM13
0000015c   ADC12MEM14
0000015e   ADC12MEM15
00000144   ADC12MEM2
00000146   ADC12MEM3
00000148   ADC12MEM4
0000014a   ADC12MEM5
0000014c   ADC12MEM6
0000014e   ADC12MEM7
00000150   ADC12MEM8
00000152   ADC12MEM9
00000046   BTCNT1
00000046   BTCNT12
00000047   BTCNT2
00000040   BTCTL
00003ade   C$$EXIT
0000386a   C$$IO$$
00000059   CACTL1
0000005a   CACTL2
0000005b   CAPD
000001c0   DAC12_0CTL
000001c8   DAC12_0DAT
000001c2   DAC12_1CTL
000001ca   DAC12_1DAT
000001d0   DMA0CTL
000001d6   DMA0DA
000001d6   DMA0DAL
000001d2   DMA0SA
000001d2   DMA0SAL
000001da   DMA0SZ
000001dc   DMA1CTL
000001e2   DMA1DA
000001e2   DMA1DAL
000001de   DMA1SA
000001de   DMA1SAL
000001e6   DMA1SZ
000001e8   DMA2CTL
000001ee   DMA2DA
000001ee   DMA2DAL
000001ea   DMA2SA
000001ea   DMA2SAL
000001f2   DMA2SZ
00000122   DMACTL0
00000124   DMACTL1
00000126   DMAIV
00000128   FCTL1
0000012a   FCTL2
0000012c   FCTL3
00000053   FLL_CTL0
00000054   FLL_CTL1
00003458   HOSTclose
00002cfc   HOSTlseek
0000303c   HOSTopen
0000321c   HOSTread
00002f6e   HOSTrename
00003568   HOSTunlink
00003160   HOSTwrite
00003c52   HardwareConstant
00000000   IE1
00000001   IE2
00000002   IFG1
00000003   IFG2
00000090   LCDACTL
000000ac   LCDAPCTL0
000000ad   LCDAPCTL1
000000ae   LCDAVCTL0
000000af   LCDAVCTL1
00000091   LCDM1
0000009a   LCDM10
0000009b   LCDM11
0000009c   LCDM12
0000009d   LCDM13
0000009e   LCDM14
0000009f   LCDM15
000000a0   LCDM16
000000a1   LCDM17
000000a2   LCDM18
000000a3   LCDM19
00000092   LCDM2
000000a4   LCDM20
00000093   LCDM3
00000094   LCDM4
00000095   LCDM5
00000096   LCDM6
00000097   LCDM7
00000098   LCDM8
00000099   LCDM9
00003662   L_LSL_1
0000363e   L_LSL_10
0000363a   L_LSL_11
00003636   L_LSL_12
00003632   L_LSL_13
0000362e   L_LSL_14
0000362a   L_LSL_15
0000365e   L_LSL_2
0000365a   L_LSL_3
00003656   L_LSL_4
00003652   L_LSL_5
0000364e   L_LSL_6
0000364a   L_LSL_7
00003646   L_LSL_8
00003642   L_LSL_9
000036a0   L_LSR_1
0000367c   L_LSR_10
00003678   L_LSR_11
00003674   L_LSR_12
00003670   L_LSR_13
0000366c   L_LSR_14
00003668   L_LSR_15
0000369c   L_LSR_2
00003698   L_LSR_3
00003694   L_LSR_4
00003690   L_LSR_5
0000368c   L_LSR_6
00003688   L_LSR_7
00003684   L_LSR_8
00003680   L_LSR_9
00000134   MAC
00000136   MACS
00000005   ME2
00000130   MPY
00000132   MPYS
000000c0   OA0CTL0
000000c1   OA0CTL1
000000c2   OA1CTL0
000000c3   OA1CTL1
000000c4   OA2CTL0
000000c5   OA2CTL1
00000138   OP2
0000000d   P10DIR
00000009   P10IN
0000000b   P10OUT
0000000f   P10SEL
00000022   P1DIR
00000025   P1IE
00000024   P1IES
00000023   P1IFG
00000020   P1IN
00000021   P1OUT
00000026   P1SEL
0000002a   P2DIR
0000002d   P2IE
0000002c   P2IES
0000002b   P2IFG
00000028   P2IN
00000029   P2OUT
0000002e   P2SEL
0000001a   P3DIR
00000018   P3IN
00000019   P3OUT
0000001b   P3SEL
0000001e   P4DIR
0000001c   P4IN
0000001d   P4OUT
0000001f   P4SEL
00000032   P5DIR
00000030   P5IN
00000031   P5OUT
00000033   P5SEL
00000036   P6DIR
00000034   P6IN
00000035   P6OUT
00000037   P6SEL
0000003c   P7DIR
00000038   P7IN
0000003a   P7OUT
0000003e   P7SEL
0000003d   P8DIR
00000039   P8IN
0000003b   P8OUT
0000003f   P8SEL
0000000c   P9DIR
00000008   P9IN
0000000a   P9OUT
0000000e   P9SEL
0000003c   PADIR
00000038   PAIN
0000003a   PAOUT
0000003e   PASEL
0000000c   PBDIR
00000008   PBIN
0000000a   PBOUT
0000000e   PBSEL
0000013c   RESHI
0000013a   RESLO
00000041   RTCCTL
0000004c   RTCDATE
0000004c   RTCDAY
0000004d   RTCMON
00000042   RTCNT1
00000043   RTCNT2
00000044   RTCNT3
00000045   RTCNT4
00000042   RTCTIM0
00000044   RTCTIM1
00000040   RTCTL
0000004e   RTCYEAR
0000004f   RTCYEARH
0000004e   RTCYEARL
00000050   SCFI0
00000051   SCFI1
00000052   SCFQCTL
0000013e   SUMEXT
00000056   SVSCTL
00000172   TACCR0
00000174   TACCR1
00000176   TACCR2
00000162   TACCTL0
00000164   TACCTL1
00000166   TACCTL2
00000160   TACTL
0000012e   TAIV
00000170   TAR
00000192   TBCCR0
00000194   TBCCR1
00000196   TBCCR2
00000198   TBCCR3
0000019a   TBCCR4
0000019c   TBCCR5
0000019e   TBCCR6
00000182   TBCCTL0
00000184   TBCCTL1
00000186   TBCCTL2
00000188   TBCCTL3
0000018a   TBCCTL4
0000018c   TBCCTL5
0000018e   TBCCTL6
00000180   TBCTL
0000011e   TBIV
00000190   TBR
0000007c   U1BR0
0000007d   U1BR1
00000078   U1CTL
0000007b   U1MCTL
0000007a   U1RCTL
0000007e   U1RXBUF
00000079   U1TCTL
0000007f   U1TXBUF
0000005d   UCA0ABCTL
00000062   UCA0BR0
00000063   UCA0BR1
00000060   UCA0CTL0
00000061   UCA0CTL1
0000005f   UCA0IRRCTL
0000005e   UCA0IRTCTL
00000064   UCA0MCTL
00000066   UCA0RXBUF
00000065   UCA0STAT
00000067   UCA0TXBUF
0000006a   UCB0BR0
0000006b   UCB0BR1
00000068   UCB0CTL0
00000069   UCB0CTL1
0000006c   UCB0I2CIE
00000118   UCB0I2COA
0000011a   UCB0I2CSA
0000006e   UCB0RXBUF
0000006d   UCB0STAT
0000006f   UCB0TXBUF
00000120   WDTCTL
00003c4c   WatchdogKickTimeInterval
000018d2   _CIOBUF_
00002100   __STACK_END
00000400   __STACK_SIZE
00000400   __SYSMEM_SIZE
00000001   __TI_args_main
00000001   __TI_auto_init
00000001   __TI_exit
ffffffff   __binit__
00001500   __bss__
ffffffff   __c_args__
00002100   __cinit__
00003a0a   __divu
00003278   __divul
000018d2   __end__
ffffffff   __etext__
00003a20   __mpyi_hw
ffffffff   __pinit__
00003a0a   __remu
00003278   __remul
ffffffff   __text__
00003412   _auto_init
0000217e   _c_int00
0000217e   _c_int00_noargs
000036a6   _cleanup
000018bc   _cleanup_ptr
0000309e   _doflush
000018c0   _dtors_ptr
0000177c   _ft_end
00001664   _ftable
000018b4   _lock
00003ae6   _nop
00002a1e   _printfi_minimal
0000fffe   _reset_vector
00001d00   _stack
00001100   _sys_memory
00003ada   _system_pre_init
000016dc   _tmpnams
000018b8   _unlock
00002e84   _wrt_ok
00003ade   abort
00003ae8   application_initialize
00003aea   application_main
ffffffff   binit
00002100   cinit
00002892   clearDigitalOutput
000033c8   close
000018a8   devices
00003a4c   drivers_initialize
000018d2   end
ffffffff   etext
000037b6   exit
00003100   fclose
000034e0   fflush
00002d82   fputc
000027bc   fputs
00002e04   free
000031be   fseek
000038c6   initializeAnalogInput
00003942   initializeDigitalInput
00003968   initializeDigitalOutput
0000398e   initializeSerialInput
000039b4   initializeSerialOutput
00002efe   initialize_analogToDigitalConverter
000021b6   initialize_msp430_IO_ports
00002ade   kickTheDog
00003378   lseek
00003abc   main
00002c56   malloc
0000391a   memccpy
00003a60   memchr
00003a88   memcpy
00003a74   memset
000036e0   minit
00001500   msp430
ffffffff   pinit
000037e4   printf
00002d82   putc
0000386e   readmsg
000035ea   realTimeClock_reset
0000389a   realTimeClock_timeSinceLastCheck
00003ae2   remove
0000295c   setDigitalOutput
00002b9c   setvbuf
000039da   strchr
000039f2   strcmp
00003a36   strcpy
00003a9a   strlen
0000371a   strncpy
000018cc   systemTimer
00003aac   system_initialize
00003812   system_main
000038f0   unlink
00003ac6   watchdog_initialize
00003524   write
00003840   writemsg


GLOBAL SYMBOLS: SORTED BY Symbol Address 

address    name
--------   ----
00000000   IE1
00000001   IE2
00000001   __TI_args_main
00000001   __TI_auto_init
00000001   __TI_exit
00000002   IFG1
00000003   IFG2
00000005   ME2
00000008   P9IN
00000008   PBIN
00000009   P10IN
0000000a   P9OUT
0000000a   PBOUT
0000000b   P10OUT
0000000c   P9DIR
0000000c   PBDIR
0000000d   P10DIR
0000000e   P9SEL
0000000e   PBSEL
0000000f   P10SEL
00000018   P3IN
00000019   P3OUT
0000001a   P3DIR
0000001b   P3SEL
0000001c   P4IN
0000001d   P4OUT
0000001e   P4DIR
0000001f   P4SEL
00000020   P1IN
00000021   P1OUT
00000022   P1DIR
00000023   P1IFG
00000024   P1IES
00000025   P1IE
00000026   P1SEL
00000028   P2IN
00000029   P2OUT
0000002a   P2DIR
0000002b   P2IFG
0000002c   P2IES
0000002d   P2IE
0000002e   P2SEL
00000030   P5IN
00000031   P5OUT
00000032   P5DIR
00000033   P5SEL
00000034   P6IN
00000035   P6OUT
00000036   P6DIR
00000037   P6SEL
00000038   P7IN
00000038   PAIN
00000039   P8IN
0000003a   P7OUT
0000003a   PAOUT
0000003b   P8OUT
0000003c   P7DIR
0000003c   PADIR
0000003d   P8DIR
0000003e   P7SEL
0000003e   PASEL
0000003f   P8SEL
00000040   BTCTL
00000040   RTCTL
00000041   RTCCTL
00000042   RTCNT1
00000042   RTCTIM0
00000043   RTCNT2
00000044   RTCNT3
00000044   RTCTIM1
00000045   RTCNT4
00000046   BTCNT1
00000046   BTCNT12
00000047   BTCNT2
0000004c   RTCDATE
0000004c   RTCDAY
0000004d   RTCMON
0000004e   RTCYEAR
0000004e   RTCYEARL
0000004f   RTCYEARH
00000050   SCFI0
00000051   SCFI1
00000052   SCFQCTL
00000053   FLL_CTL0
00000054   FLL_CTL1
00000056   SVSCTL
00000059   CACTL1
0000005a   CACTL2
0000005b   CAPD
0000005d   UCA0ABCTL
0000005e   UCA0IRTCTL
0000005f   UCA0IRRCTL
00000060   UCA0CTL0
00000061   UCA0CTL1
00000062   UCA0BR0
00000063   UCA0BR1
00000064   UCA0MCTL
00000065   UCA0STAT
00000066   UCA0RXBUF
00000067   UCA0TXBUF
00000068   UCB0CTL0
00000069   UCB0CTL1
0000006a   UCB0BR0
0000006b   UCB0BR1
0000006c   UCB0I2CIE
0000006d   UCB0STAT
0000006e   UCB0RXBUF
0000006f   UCB0TXBUF
00000078   U1CTL
00000079   U1TCTL
0000007a   U1RCTL
0000007b   U1MCTL
0000007c   U1BR0
0000007d   U1BR1
0000007e   U1RXBUF
0000007f   U1TXBUF
00000080   ADC12MCTL0
00000081   ADC12MCTL1
00000082   ADC12MCTL2
00000083   ADC12MCTL3
00000084   ADC12MCTL4
00000085   ADC12MCTL5
00000086   ADC12MCTL6
00000087   ADC12MCTL7
00000088   ADC12MCTL8
00000089   ADC12MCTL9
0000008a   ADC12MCTL10
0000008b   ADC12MCTL11
0000008c   ADC12MCTL12
0000008d   ADC12MCTL13
0000008e   ADC12MCTL14
0000008f   ADC12MCTL15
00000090   LCDACTL
00000091   LCDM1
00000092   LCDM2
00000093   LCDM3
00000094   LCDM4
00000095   LCDM5
00000096   LCDM6
00000097   LCDM7
00000098   LCDM8
00000099   LCDM9
0000009a   LCDM10
0000009b   LCDM11
0000009c   LCDM12
0000009d   LCDM13
0000009e   LCDM14
0000009f   LCDM15
000000a0   LCDM16
000000a1   LCDM17
000000a2   LCDM18
000000a3   LCDM19
000000a4   LCDM20
000000ac   LCDAPCTL0
000000ad   LCDAPCTL1
000000ae   LCDAVCTL0
000000af   LCDAVCTL1
000000c0   OA0CTL0
000000c1   OA0CTL1
000000c2   OA1CTL0
000000c3   OA1CTL1
000000c4   OA2CTL0
000000c5   OA2CTL1
00000118   UCB0I2COA
0000011a   UCB0I2CSA
0000011e   TBIV
00000120   WDTCTL
00000122   DMACTL0
00000124   DMACTL1
00000126   DMAIV
00000128   FCTL1
0000012a   FCTL2
0000012c   FCTL3
0000012e   TAIV
00000130   MPY
00000132   MPYS
00000134   MAC
00000136   MACS
00000138   OP2
0000013a   RESLO
0000013c   RESHI
0000013e   SUMEXT
00000140   ADC12MEM0
00000142   ADC12MEM1
00000144   ADC12MEM2
00000146   ADC12MEM3
00000148   ADC12MEM4
0000014a   ADC12MEM5
0000014c   ADC12MEM6
0000014e   ADC12MEM7
00000150   ADC12MEM8
00000152   ADC12MEM9
00000154   ADC12MEM10
00000156   ADC12MEM11
00000158   ADC12MEM12
0000015a   ADC12MEM13
0000015c   ADC12MEM14
0000015e   ADC12MEM15
00000160   TACTL
00000162   TACCTL0
00000164   TACCTL1
00000166   TACCTL2
00000170   TAR
00000172   TACCR0
00000174   TACCR1
00000176   TACCR2
00000180   TBCTL
00000182   TBCCTL0
00000184   TBCCTL1
00000186   TBCCTL2
00000188   TBCCTL3
0000018a   TBCCTL4
0000018c   TBCCTL5
0000018e   TBCCTL6
00000190   TBR
00000192   TBCCR0
00000194   TBCCR1
00000196   TBCCR2
00000198   TBCCR3
0000019a   TBCCR4
0000019c   TBCCR5
0000019e   TBCCR6
000001a0   ADC12CTL0
000001a2   ADC12CTL1
000001a4   ADC12IFG
000001a6   ADC12IE
000001a8   ADC12IV
000001c0   DAC12_0CTL
000001c2   DAC12_1CTL
000001c8   DAC12_0DAT
000001ca   DAC12_1DAT
000001d0   DMA0CTL
000001d2   DMA0SA
000001d2   DMA0SAL
000001d6   DMA0DA
000001d6   DMA0DAL
000001da   DMA0SZ
000001dc   DMA1CTL
000001de   DMA1SA
000001de   DMA1SAL
000001e2   DMA1DA
000001e2   DMA1DAL
000001e6   DMA1SZ
000001e8   DMA2CTL
000001ea   DMA2SA
000001ea   DMA2SAL
000001ee   DMA2DA
000001ee   DMA2DAL
000001f2   DMA2SZ
00000400   __STACK_SIZE
00000400   __SYSMEM_SIZE
00001100   _sys_memory
00001500   .bss
00001500   __bss__
00001500   msp430
00001664   _ftable
000016dc   _tmpnams
0000177c   _ft_end
000018a8   devices
000018b4   _lock
000018b8   _unlock
000018bc   _cleanup_ptr
000018c0   _dtors_ptr
000018cc   systemTimer
000018d2   _CIOBUF_
000018d2   __end__
000018d2   end
00001d00   _stack
00002100   __STACK_END
00002100   __cinit__
00002100   cinit
0000217e   _c_int00
0000217e   _c_int00_noargs
000021b6   initialize_msp430_IO_ports
000027bc   fputs
00002892   clearDigitalOutput
0000295c   setDigitalOutput
00002a1e   _printfi_minimal
00002ade   kickTheDog
00002b9c   setvbuf
00002c56   malloc
00002cfc   HOSTlseek
00002d82   fputc
00002d82   putc
00002e04   free
00002e84   _wrt_ok
00002efe   initialize_analogToDigitalConverter
00002f6e   HOSTrename
0000303c   HOSTopen
0000309e   _doflush
00003100   fclose
00003160   HOSTwrite
000031be   fseek
0000321c   HOSTread
00003278   __divul
00003278   __remul
00003378   lseek
000033c8   close
00003412   _auto_init
00003458   HOSTclose
000034e0   fflush
00003524   write
00003568   HOSTunlink
000035ea   realTimeClock_reset
0000362a   L_LSL_15
0000362e   L_LSL_14
00003632   L_LSL_13
00003636   L_LSL_12
0000363a   L_LSL_11
0000363e   L_LSL_10
00003642   L_LSL_9
00003646   L_LSL_8
0000364a   L_LSL_7
0000364e   L_LSL_6
00003652   L_LSL_5
00003656   L_LSL_4
0000365a   L_LSL_3
0000365e   L_LSL_2
00003662   L_LSL_1
00003668   L_LSR_15
0000366c   L_LSR_14
00003670   L_LSR_13
00003674   L_LSR_12
00003678   L_LSR_11
0000367c   L_LSR_10
00003680   L_LSR_9
00003684   L_LSR_8
00003688   L_LSR_7
0000368c   L_LSR_6
00003690   L_LSR_5
00003694   L_LSR_4
00003698   L_LSR_3
0000369c   L_LSR_2
000036a0   L_LSR_1
000036a6   _cleanup
000036e0   minit
0000371a   strncpy
000037b6   exit
000037e4   printf
00003812   system_main
00003840   writemsg
0000386a   C$$IO$$
0000386e   readmsg
0000389a   realTimeClock_timeSinceLastCheck
000038c6   initializeAnalogInput
000038f0   unlink
0000391a   memccpy
00003942   initializeDigitalInput
00003968   initializeDigitalOutput
0000398e   initializeSerialInput
000039b4   initializeSerialOutput
000039da   strchr
000039f2   strcmp
00003a0a   __divu
00003a0a   __remu
00003a20   __mpyi_hw
00003a36   strcpy
00003a4c   drivers_initialize
00003a60   memchr
00003a74   memset
00003a88   memcpy
00003a9a   strlen
00003aac   system_initialize
00003abc   main
00003ac6   watchdog_initialize
00003ada   _system_pre_init
00003ade   C$$EXIT
00003ade   abort
00003ae2   remove
00003ae6   _nop
00003ae8   application_initialize
00003aea   application_main
00003c4c   WatchdogKickTimeInterval
00003c52   HardwareConstant
0000fffe   _reset_vector
ffffffff   .text
ffffffff   __binit__
ffffffff   __c_args__
ffffffff   __etext__
ffffffff   __pinit__
ffffffff   __text__
ffffffff   binit
ffffffff   etext
ffffffff   pinit

[384 symbols]
