******************************************************************************
       MSP430 Evaluation Linker PC v3.3.1                      
******************************************************************************
>> Linked Fri Mar 09 18:27:53 2012

OUTPUT FILE NAME:   <Project-Cheesecake.out>
ENTRY POINT SYMBOL: "_c_int00"  address: 0000217e


MEMORY CONFIGURATION

         name            origin    length      used     unused   attr    fill
----------------------  --------  ---------  --------  --------  ----  --------
  SFR                   00000000   00000010  00000000  00000010  RWIX
  PERIPHERALS_8BIT      00000010   000000f0  00000000  000000f0  RWIX
  PERIPHERALS_16BIT     00000100   00000100  00000000  00000100  RWIX
  INFOB                 00001000   00000080  00000000  00000080  RWIX
  INFOA                 00001080   00000080  00000000  00000080  RWIX
  RAM                   00001100   00001000  00000cf2  0000030e  RWIX
  FLASH                 00002100   0000dec0  00001ba8  0000c318  RWIX
  INT00                 0000ffc0   00000002  00000000  00000002  RWIX
  INT01                 0000ffc2   00000002  00000000  00000002  RWIX
  INT02                 0000ffc4   00000002  00000000  00000002  RWIX
  INT03                 0000ffc6   00000002  00000000  00000002  RWIX
  INT04                 0000ffc8   00000002  00000000  00000002  RWIX
  INT05                 0000ffca   00000002  00000000  00000002  RWIX
  INT06                 0000ffcc   00000002  00000000  00000002  RWIX
  INT07                 0000ffce   00000002  00000000  00000002  RWIX
  INT08                 0000ffd0   00000002  00000000  00000002  RWIX
  INT09                 0000ffd2   00000002  00000000  00000002  RWIX
  INT10                 0000ffd4   00000002  00000000  00000002  RWIX
  INT11                 0000ffd6   00000002  00000000  00000002  RWIX
  INT12                 0000ffd8   00000002  00000000  00000002  RWIX
  INT13                 0000ffda   00000002  00000000  00000002  RWIX
  INT14                 0000ffdc   00000002  00000000  00000002  RWIX
  INT15                 0000ffde   00000002  00000000  00000002  RWIX
  INT16                 0000ffe0   00000002  00000000  00000002  RWIX
  INT17                 0000ffe2   00000002  00000000  00000002  RWIX
  INT18                 0000ffe4   00000002  00000000  00000002  RWIX
  INT19                 0000ffe6   00000002  00000000  00000002  RWIX
  INT20                 0000ffe8   00000002  00000000  00000002  RWIX
  INT21                 0000ffea   00000002  00000000  00000002  RWIX
  INT22                 0000ffec   00000002  00000000  00000002  RWIX
  INT23                 0000ffee   00000002  00000000  00000002  RWIX
  INT24                 0000fff0   00000002  00000000  00000002  RWIX
  INT25                 0000fff2   00000002  00000000  00000002  RWIX
  INT26                 0000fff4   00000002  00000000  00000002  RWIX
  INT27                 0000fff6   00000002  00000000  00000002  RWIX
  INT28                 0000fff8   00000002  00000000  00000002  RWIX
  INT29                 0000fffa   00000002  00000000  00000002  RWIX
  INT30                 0000fffc   00000002  00000000  00000002  RWIX
  RESET                 0000fffe   00000002  00000002  00000000  RWIX
  FLASH2                00010000   00010000  00000000  00010000  RWIX


SECTION ALLOCATION MAP

 output                                  attributes/
section   page    origin      length       input sections
--------  ----  ----------  ----------   ----------------
.pinit     0    00002100    00000000     UNINITIALIZED

.sysmem    0    00001100    00000400     UNINITIALIZED
                  00001100    00000004     rts430x.lib : memory.obj (.sysmem)
                  00001104    000003fc     --HOLE--

.bss       0    00001500    000003d2     UNINITIALIZED
                  00001500    00000164     MSP430FG4619_IOPorts.obj (.bss)
                  00001664    0000011a     rts430x.lib : defs.obj (.bss)
                  0000177e    000000a2                 : lowlev.obj (.bss)
                  00001820    00000088                 : trgdrv.obj (.bss)
                  000018a8    0000000c     Drivers.obj (.bss)
                  000018b4    00000008     rts430x.lib : _lock.obj (.bss)
                  000018bc    00000008                 : boot.obj (.bss)
                  000018c4    00000008                 : memory.obj (.bss)
                  000018cc    00000004     System.obj (.bss)
                  000018d0    00000002     rts430x.lib : fopen.obj (.bss)

.cio       0    000018d2    00000120     UNINITIALIZED
                  000018d2    00000120     rts430x.lib : trgmsg.obj (.cio)

.stack     0    00001d00    00000400     UNINITIALIZED
                  00001d00    00000002     rts430x.lib : boot.obj (.stack)
                  00001d02    000003fe     --HOLE--

.cinit     0    00002100    0000007e     
                  00002100    00000042     rts430x.lib : lowlev.obj (.cinit)
                  00002142    0000002e                 : defs.obj (.cinit)
                  00002170    00000006                 : fopen.obj (.cinit)
                  00002176    00000006                 : memory.obj (.cinit)
                  0000217c    00000002     --HOLE-- [fill = 0]

.text:_isr 
*          0    0000217e    00000038     
                  0000217e    00000038     rts430x.lib : boot.obj (.text:_isr:_c_int00_noargs)

.text      0    000021b6    0000198a     
                  000021b6    000004fc     MSP430FG4619_IOPorts.obj (.text:initialize_msp430_IO_ports)
                  000026b2    0000010e     rts430x.lib : _printfi_min.obj (.text:_setfield)
                  000027c0    000000d6                 : fputs.obj (.text:fputs)
                  00002896    000000ca     IOTypes.obj (.text:clearDigitalOutput)
                  00002960    000000c2     IOTypes.obj (.text:setDigitalOutput)
                  00002a22    000000c0     rts430x.lib : _printfi_min.obj (.text:_printfi_minimal)
                  00002ae2    000000be     Watchdog.obj (.text:kickTheDog)
                  00002ba0    000000ba     rts430x.lib : setvbuf.obj (.text:setvbuf)
                  00002c5a    000000a6                 : memory.obj (.text:malloc)
                  00002d00    00000086                 : trgdrv.obj (.text:HOSTlseek)
                  00002d86    00000082                 : fputc.obj (.text:fputc)
                  00002e08    00000080                 : memory.obj (.text:free)
                  00002e88    0000007a                 : _io_perm.obj (.text:_wrt_ok)
                  00002f02    00000070     AnalogToDigitalConverter.obj (.text:initialize_analogToDigitalConverter)
                  00002f72    0000006a     rts430x.lib : trgdrv.obj (.text:HOSTrename)
                  00002fdc    00000064                 : _printfi_min.obj (.text:_ltostr)
                  00003040    00000062                 : trgdrv.obj (.text:HOSTopen)
                  000030a2    00000062                 : fflush.obj (.text:_doflush)
                  00003104    00000060                 : fclose.obj (.text:fclose)
                  00003164    0000005e                 : trgdrv.obj (.text:HOSTwrite)
                  000031c2    0000005e                 : fseek.obj (.text:fseek)
                  00003220    0000005c                 : trgdrv.obj (.text:HOSTread)
                  0000327c    00000058                 : div32u.obj (.text)
                  000032d4    00000056                 : _printfi_min.obj (.text:_pproc_diouxp)
                  0000332a    00000052                 : lowlev.obj (.text:getdevice)
                  0000337c    00000050                 : lowlev.obj (.text:lseek)
                  000033cc    0000004a                 : lowlev.obj (.text:close)
                  00003416    00000046                 : autoinit.obj (.text:_auto_init)
                  0000345c    00000044                 : trgdrv.obj (.text:HOSTclose)
                  000034a0    00000044                 : _printfi_min.obj (.text:_getarg_diouxp)
                  000034e4    00000044                 : fflush.obj (.text:fflush)
                  00003528    00000044                 : lowlev.obj (.text:write)
                  0000356c    00000042                 : trgdrv.obj (.text:HOSTunlink)
                  000035ae    00000040                 : _printfi_min.obj (.text:_pproc_str)
                  000035ee    00000040     RealTimeClock.obj (.text:realTimeClock_reset)
                  0000362e    0000003e     rts430x.lib : lsl32.obj (.text:l_lsl_const)
                  0000366c    0000003e                 : lsr32.obj (.text:l_lsr_const)
                  000036aa    0000003a                 : fopen.obj (.text:_cleanup)
                  000036e4    0000003a                 : memory.obj (.text:minit)
                  0000371e    00000038                 : strncpy.obj (.text:strncpy)
                  00003756    00000034                 : _printfi_min.obj (.text:_div)
                  0000378a    00000030                 : lowlev.obj (.text:finddevice)
                  000037ba    0000002e                 : exit.obj (.text:exit)
                  000037e8    0000002e                 : printf.obj (.text:printf)
                  00003816    0000002e     System.obj (.text:system_main)
                  00003844    0000002e     rts430x.lib : trgmsg.obj (.text:writemsg)
                  00003872    0000002c                 : trgmsg.obj (.text:readmsg)
                  0000389e    0000002c     RealTimeClock.obj (.text:realTimeClock_timeSinceLastCheck)
                  000038ca    0000002a     IOTypes.obj (.text:initializeAnalogInput)
                  000038f4    0000002a     rts430x.lib : lowlev.obj (.text:unlink)
                  0000391e    00000028                 : memccpy.obj (.text:memccpy)
                  00003946    00000026     IOTypes.obj (.text:initializeDigitalInput)
                  0000396c    00000026     IOTypes.obj (.text:initializeDigitalOutput)
                  00003992    00000026     IOTypes.obj (.text:initializeSerialInput)
                  000039b8    00000026     IOTypes.obj (.text:initializeSerialOutput)
                  000039de    00000020     TestApplication.obj (.text:test_application_main)
                  000039fe    00000018     rts430x.lib : strchr.obj (.text:strchr)
                  00003a16    00000018                 : strcmp.obj (.text:strcmp)
                  00003a2e    00000018     TestApplication.obj (.text:test_COM)
                  00003a46    00000018     TestApplication.obj (.text:test_application_initialize)
                  00003a5e    00000016     rts430x.lib : div16u.obj (.text)
                  00003a74    00000016                 : mult16_hw.obj (.text)
                  00003a8a    00000016                 : strcpy.obj (.text:strcpy)
                  00003aa0    00000014     Drivers.obj (.text:drivers_initialize)
                  00003ab4    00000014     rts430x.lib : memchr.obj (.text:memchr)
                  00003ac8    00000014                 : memset.obj (.text:memset)
                  00003adc    00000012                 : memcpy.obj (.text:memcpy)
                  00003aee    00000012                 : strlen.obj (.text:strlen)
                  00003b00    00000010     System.obj (.text:system_initialize)
                  00003b10    0000000a     main.obj (.text:main)
                  00003b1a    0000000a     Watchdog.obj (.text:watchdog_initialize)
                  00003b24    00000006     rts430x.lib : printf.obj (.text:_outc)
                  00003b2a    00000004                 : printf.obj (.text:_outs)
                  00003b2e    00000004                 : pre_init.obj (.text:_system_pre_init)
                  00003b32    00000004                 : exit.obj (.text:abort)
                  00003b36    00000004                 : remove.obj (.text:remove)
                  00003b3a    00000002                 : _lock.obj (.text:_nop)
                  00003b3c    00000002     SPIDevice.obj (.text:initialize_SPI)
                  00003b3e    00000002     System.obj (.text:system_abort)

.const     0    00003b40    00000168     
                  00003b40    0000007c     IOTypes.obj (.const:.string)
                  00003bbc    00000070     TestApplication.obj (.const:.string)
                  00003c2c    00000060     Watchdog.obj (.const:.string)
                  00003c8c    00000014     rts430x.lib : _printfi_min.obj (.const:.string)
                  00003ca0    00000004     SystemConfig.obj (.const)
                  00003ca4    00000002     rts430x.lib : fputs.obj (.const:.string)
                  00003ca6    00000002     DriversConfig.obj (.const)

.reset     0    0000fffe    00000002     
                  0000fffe    00000002     rts430x.lib : boot.obj (.reset)


GLOBAL SYMBOLS: SORTED ALPHABETICALLY BY Name 

address    name
--------   ----
00001500   .bss
ffffffff   .text
000001a0   ADC12CTL0
000001a2   ADC12CTL1
000001a6   ADC12IE
000001a4   ADC12IFG
000001a8   ADC12IV
00000080   ADC12MCTL0
00000081   ADC12MCTL1
0000008a   ADC12MCTL10
0000008b   ADC12MCTL11
0000008c   ADC12MCTL12
0000008d   ADC12MCTL13
0000008e   ADC12MCTL14
0000008f   ADC12MCTL15
00000082   ADC12MCTL2
00000083   ADC12MCTL3
00000084   ADC12MCTL4
00000085   ADC12MCTL5
00000086   ADC12MCTL6
00000087   ADC12MCTL7
00000088   ADC12MCTL8
00000089   ADC12MCTL9
00000140   ADC12MEM0
00000142   ADC12MEM1
00000154   ADC12MEM10
00000156   ADC12MEM11
00000158   ADC12MEM12
0000015a   ADC12MEM13
0000015c   ADC12MEM14
0000015e   ADC12MEM15
00000144   ADC12MEM2
00000146   ADC12MEM3
00000148   ADC12MEM4
0000014a   ADC12MEM5
0000014c   ADC12MEM6
0000014e   ADC12MEM7
00000150   ADC12MEM8
00000152   ADC12MEM9
00000046   BTCNT1
00000046   BTCNT12
00000047   BTCNT2
00000040   BTCTL
00003b32   C$$EXIT
0000386e   C$$IO$$
00000059   CACTL1
0000005a   CACTL2
0000005b   CAPD
000001c0   DAC12_0CTL
000001c8   DAC12_0DAT
000001c2   DAC12_1CTL
000001ca   DAC12_1DAT
000001d0   DMA0CTL
000001d6   DMA0DA
000001d6   DMA0DAL
000001d2   DMA0SA
000001d2   DMA0SAL
000001da   DMA0SZ
000001dc   DMA1CTL
000001e2   DMA1DA
000001e2   DMA1DAL
000001de   DMA1SA
000001de   DMA1SAL
000001e6   DMA1SZ
000001e8   DMA2CTL
000001ee   DMA2DA
000001ee   DMA2DAL
000001ea   DMA2SA
000001ea   DMA2SAL
000001f2   DMA2SZ
00000122   DMACTL0
00000124   DMACTL1
00000126   DMAIV
00000128   FCTL1
0000012a   FCTL2
0000012c   FCTL3
00000053   FLL_CTL0
00000054   FLL_CTL1
0000345c   HOSTclose
00002d00   HOSTlseek
00003040   HOSTopen
00003220   HOSTread
00002f72   HOSTrename
0000356c   HOSTunlink
00003164   HOSTwrite
00003ca6   HardwareConstant
00000000   IE1
00000001   IE2
00000002   IFG1
00000003   IFG2
00000090   LCDACTL
000000ac   LCDAPCTL0
000000ad   LCDAPCTL1
000000ae   LCDAVCTL0
000000af   LCDAVCTL1
00000091   LCDM1
0000009a   LCDM10
0000009b   LCDM11
0000009c   LCDM12
0000009d   LCDM13
0000009e   LCDM14
0000009f   LCDM15
000000a0   LCDM16
000000a1   LCDM17
000000a2   LCDM18
000000a3   LCDM19
00000092   LCDM2
000000a4   LCDM20
00000093   LCDM3
00000094   LCDM4
00000095   LCDM5
00000096   LCDM6
00000097   LCDM7
00000098   LCDM8
00000099   LCDM9
00003666   L_LSL_1
00003642   L_LSL_10
0000363e   L_LSL_11
0000363a   L_LSL_12
00003636   L_LSL_13
00003632   L_LSL_14
0000362e   L_LSL_15
00003662   L_LSL_2
0000365e   L_LSL_3
0000365a   L_LSL_4
00003656   L_LSL_5
00003652   L_LSL_6
0000364e   L_LSL_7
0000364a   L_LSL_8
00003646   L_LSL_9
000036a4   L_LSR_1
00003680   L_LSR_10
0000367c   L_LSR_11
00003678   L_LSR_12
00003674   L_LSR_13
00003670   L_LSR_14
0000366c   L_LSR_15
000036a0   L_LSR_2
0000369c   L_LSR_3
00003698   L_LSR_4
00003694   L_LSR_5
00003690   L_LSR_6
0000368c   L_LSR_7
00003688   L_LSR_8
00003684   L_LSR_9
00000134   MAC
00000136   MACS
00000005   ME2
00000130   MPY
00000132   MPYS
000000c0   OA0CTL0
000000c1   OA0CTL1
000000c2   OA1CTL0
000000c3   OA1CTL1
000000c4   OA2CTL0
000000c5   OA2CTL1
00000138   OP2
0000000d   P10DIR
00000009   P10IN
0000000b   P10OUT
0000000f   P10SEL
00000022   P1DIR
00000025   P1IE
00000024   P1IES
00000023   P1IFG
00000020   P1IN
00000021   P1OUT
00000026   P1SEL
0000002a   P2DIR
0000002d   P2IE
0000002c   P2IES
0000002b   P2IFG
00000028   P2IN
00000029   P2OUT
0000002e   P2SEL
0000001a   P3DIR
00000018   P3IN
00000019   P3OUT
0000001b   P3SEL
0000001e   P4DIR
0000001c   P4IN
0000001d   P4OUT
0000001f   P4SEL
00000032   P5DIR
00000030   P5IN
00000031   P5OUT
00000033   P5SEL
00000036   P6DIR
00000034   P6IN
00000035   P6OUT
00000037   P6SEL
0000003c   P7DIR
00000038   P7IN
0000003a   P7OUT
0000003e   P7SEL
0000003d   P8DIR
00000039   P8IN
0000003b   P8OUT
0000003f   P8SEL
0000000c   P9DIR
00000008   P9IN
0000000a   P9OUT
0000000e   P9SEL
0000003c   PADIR
00000038   PAIN
0000003a   PAOUT
0000003e   PASEL
0000000c   PBDIR
00000008   PBIN
0000000a   PBOUT
0000000e   PBSEL
0000013c   RESHI
0000013a   RESLO
00000041   RTCCTL
0000004c   RTCDATE
0000004c   RTCDAY
0000004d   RTCMON
00000042   RTCNT1
00000043   RTCNT2
00000044   RTCNT3
00000045   RTCNT4
00000042   RTCTIM0
00000044   RTCTIM1
00000040   RTCTL
0000004e   RTCYEAR
0000004f   RTCYEARH
0000004e   RTCYEARL
00000050   SCFI0
00000051   SCFI1
00000052   SCFQCTL
0000013e   SUMEXT
00000056   SVSCTL
00000172   TACCR0
00000174   TACCR1
00000176   TACCR2
00000162   TACCTL0
00000164   TACCTL1
00000166   TACCTL2
00000160   TACTL
0000012e   TAIV
00000170   TAR
00000192   TBCCR0
00000194   TBCCR1
00000196   TBCCR2
00000198   TBCCR3
0000019a   TBCCR4
0000019c   TBCCR5
0000019e   TBCCR6
00000182   TBCCTL0
00000184   TBCCTL1
00000186   TBCCTL2
00000188   TBCCTL3
0000018a   TBCCTL4
0000018c   TBCCTL5
0000018e   TBCCTL6
00000180   TBCTL
0000011e   TBIV
00000190   TBR
0000007c   U1BR0
0000007d   U1BR1
00000078   U1CTL
0000007b   U1MCTL
0000007a   U1RCTL
0000007e   U1RXBUF
00000079   U1TCTL
0000007f   U1TXBUF
0000005d   UCA0ABCTL
00000062   UCA0BR0
00000063   UCA0BR1
00000060   UCA0CTL0
00000061   UCA0CTL1
0000005f   UCA0IRRCTL
0000005e   UCA0IRTCTL
00000064   UCA0MCTL
00000066   UCA0RXBUF
00000065   UCA0STAT
00000067   UCA0TXBUF
0000006a   UCB0BR0
0000006b   UCB0BR1
00000068   UCB0CTL0
00000069   UCB0CTL1
0000006c   UCB0I2CIE
00000118   UCB0I2COA
0000011a   UCB0I2CSA
0000006e   UCB0RXBUF
0000006d   UCB0STAT
0000006f   UCB0TXBUF
00000120   WDTCTL
00003ca0   WatchdogKickTimeInterval
000018d2   _CIOBUF_
00002100   __STACK_END
00000400   __STACK_SIZE
00000400   __SYSMEM_SIZE
00000001   __TI_args_main
00000001   __TI_auto_init
00000001   __TI_exit
ffffffff   __binit__
00001500   __bss__
ffffffff   __c_args__
00002100   __cinit__
00003a5e   __divu
0000327c   __divul
000018d2   __end__
ffffffff   __etext__
00003a74   __mpyi_hw
ffffffff   __pinit__
00003a5e   __remu
0000327c   __remul
ffffffff   __text__
00003416   _auto_init
0000217e   _c_int00
0000217e   _c_int00_noargs
000036aa   _cleanup
000018bc   _cleanup_ptr
000030a2   _doflush
000018c0   _dtors_ptr
0000177c   _ft_end
00001664   _ftable
000018b4   _lock
00003b3a   _nop
00002a22   _printfi_minimal
0000fffe   _reset_vector
00001d00   _stack
00001100   _sys_memory
00003b2e   _system_pre_init
000016dc   _tmpnams
000018b8   _unlock
00002e88   _wrt_ok
00003b32   abort
ffffffff   binit
00002100   cinit
00002896   clearDigitalOutput
000033cc   close
000018a8   devices
00003aa0   drivers_initialize
000018d2   end
ffffffff   etext
000037ba   exit
00003104   fclose
000034e4   fflush
00002d86   fputc
000027c0   fputs
00002e08   free
000031c2   fseek
000038ca   initializeAnalogInput
00003946   initializeDigitalInput
0000396c   initializeDigitalOutput
00003992   initializeSerialInput
000039b8   initializeSerialOutput
00003b3c   initialize_SPI
00002f02   initialize_analogToDigitalConverter
000021b6   initialize_msp430_IO_ports
00002ae2   kickTheDog
0000337c   lseek
00003b10   main
00002c5a   malloc
0000391e   memccpy
00003ab4   memchr
00003adc   memcpy
00003ac8   memset
000036e4   minit
00001500   msp430
ffffffff   pinit
000037e8   printf
00002d86   putc
00003872   readmsg
000035ee   realTimeClock_reset
0000389e   realTimeClock_timeSinceLastCheck
00003b36   remove
00002960   setDigitalOutput
00002ba0   setvbuf
000039fe   strchr
00003a16   strcmp
00003a8a   strcpy
00003aee   strlen
0000371e   strncpy
000018cc   systemTimer
00003b3e   system_abort
00003b00   system_initialize
00003816   system_main
00003a2e   test_COM
00003a46   test_application_initialize
000039de   test_application_main
000038f4   unlink
00003b1a   watchdog_initialize
00003528   write
00003844   writemsg


GLOBAL SYMBOLS: SORTED BY Symbol Address 

address    name
--------   ----
00000000   IE1
00000001   IE2
00000001   __TI_args_main
00000001   __TI_auto_init
00000001   __TI_exit
00000002   IFG1
00000003   IFG2
00000005   ME2
00000008   P9IN
00000008   PBIN
00000009   P10IN
0000000a   P9OUT
0000000a   PBOUT
0000000b   P10OUT
0000000c   P9DIR
0000000c   PBDIR
0000000d   P10DIR
0000000e   P9SEL
0000000e   PBSEL
0000000f   P10SEL
00000018   P3IN
00000019   P3OUT
0000001a   P3DIR
0000001b   P3SEL
0000001c   P4IN
0000001d   P4OUT
0000001e   P4DIR
0000001f   P4SEL
00000020   P1IN
00000021   P1OUT
00000022   P1DIR
00000023   P1IFG
00000024   P1IES
00000025   P1IE
00000026   P1SEL
00000028   P2IN
00000029   P2OUT
0000002a   P2DIR
0000002b   P2IFG
0000002c   P2IES
0000002d   P2IE
0000002e   P2SEL
00000030   P5IN
00000031   P5OUT
00000032   P5DIR
00000033   P5SEL
00000034   P6IN
00000035   P6OUT
00000036   P6DIR
00000037   P6SEL
00000038   P7IN
00000038   PAIN
00000039   P8IN
0000003a   P7OUT
0000003a   PAOUT
0000003b   P8OUT
0000003c   P7DIR
0000003c   PADIR
0000003d   P8DIR
0000003e   P7SEL
0000003e   PASEL
0000003f   P8SEL
00000040   BTCTL
00000040   RTCTL
00000041   RTCCTL
00000042   RTCNT1
00000042   RTCTIM0
00000043   RTCNT2
00000044   RTCNT3
00000044   RTCTIM1
00000045   RTCNT4
00000046   BTCNT1
00000046   BTCNT12
00000047   BTCNT2
0000004c   RTCDATE
0000004c   RTCDAY
0000004d   RTCMON
0000004e   RTCYEAR
0000004e   RTCYEARL
0000004f   RTCYEARH
00000050   SCFI0
00000051   SCFI1
00000052   SCFQCTL
00000053   FLL_CTL0
00000054   FLL_CTL1
00000056   SVSCTL
00000059   CACTL1
0000005a   CACTL2
0000005b   CAPD
0000005d   UCA0ABCTL
0000005e   UCA0IRTCTL
0000005f   UCA0IRRCTL
00000060   UCA0CTL0
00000061   UCA0CTL1
00000062   UCA0BR0
00000063   UCA0BR1
00000064   UCA0MCTL
00000065   UCA0STAT
00000066   UCA0RXBUF
00000067   UCA0TXBUF
00000068   UCB0CTL0
00000069   UCB0CTL1
0000006a   UCB0BR0
0000006b   UCB0BR1
0000006c   UCB0I2CIE
0000006d   UCB0STAT
0000006e   UCB0RXBUF
0000006f   UCB0TXBUF
00000078   U1CTL
00000079   U1TCTL
0000007a   U1RCTL
0000007b   U1MCTL
0000007c   U1BR0
0000007d   U1BR1
0000007e   U1RXBUF
0000007f   U1TXBUF
00000080   ADC12MCTL0
00000081   ADC12MCTL1
00000082   ADC12MCTL2
00000083   ADC12MCTL3
00000084   ADC12MCTL4
00000085   ADC12MCTL5
00000086   ADC12MCTL6
00000087   ADC12MCTL7
00000088   ADC12MCTL8
00000089   ADC12MCTL9
0000008a   ADC12MCTL10
0000008b   ADC12MCTL11
0000008c   ADC12MCTL12
0000008d   ADC12MCTL13
0000008e   ADC12MCTL14
0000008f   ADC12MCTL15
00000090   LCDACTL
00000091   LCDM1
00000092   LCDM2
00000093   LCDM3
00000094   LCDM4
00000095   LCDM5
00000096   LCDM6
00000097   LCDM7
00000098   LCDM8
00000099   LCDM9
0000009a   LCDM10
0000009b   LCDM11
0000009c   LCDM12
0000009d   LCDM13
0000009e   LCDM14
0000009f   LCDM15
000000a0   LCDM16
000000a1   LCDM17
000000a2   LCDM18
000000a3   LCDM19
000000a4   LCDM20
000000ac   LCDAPCTL0
000000ad   LCDAPCTL1
000000ae   LCDAVCTL0
000000af   LCDAVCTL1
000000c0   OA0CTL0
000000c1   OA0CTL1
000000c2   OA1CTL0
000000c3   OA1CTL1
000000c4   OA2CTL0
000000c5   OA2CTL1
00000118   UCB0I2COA
0000011a   UCB0I2CSA
0000011e   TBIV
00000120   WDTCTL
00000122   DMACTL0
00000124   DMACTL1
00000126   DMAIV
00000128   FCTL1
0000012a   FCTL2
0000012c   FCTL3
0000012e   TAIV
00000130   MPY
00000132   MPYS
00000134   MAC
00000136   MACS
00000138   OP2
0000013a   RESLO
0000013c   RESHI
0000013e   SUMEXT
00000140   ADC12MEM0
00000142   ADC12MEM1
00000144   ADC12MEM2
00000146   ADC12MEM3
00000148   ADC12MEM4
0000014a   ADC12MEM5
0000014c   ADC12MEM6
0000014e   ADC12MEM7
00000150   ADC12MEM8
00000152   ADC12MEM9
00000154   ADC12MEM10
00000156   ADC12MEM11
00000158   ADC12MEM12
0000015a   ADC12MEM13
0000015c   ADC12MEM14
0000015e   ADC12MEM15
00000160   TACTL
00000162   TACCTL0
00000164   TACCTL1
00000166   TACCTL2
00000170   TAR
00000172   TACCR0
00000174   TACCR1
00000176   TACCR2
00000180   TBCTL
00000182   TBCCTL0
00000184   TBCCTL1
00000186   TBCCTL2
00000188   TBCCTL3
0000018a   TBCCTL4
0000018c   TBCCTL5
0000018e   TBCCTL6
00000190   TBR
00000192   TBCCR0
00000194   TBCCR1
00000196   TBCCR2
00000198   TBCCR3
0000019a   TBCCR4
0000019c   TBCCR5
0000019e   TBCCR6
000001a0   ADC12CTL0
000001a2   ADC12CTL1
000001a4   ADC12IFG
000001a6   ADC12IE
000001a8   ADC12IV
000001c0   DAC12_0CTL
000001c2   DAC12_1CTL
000001c8   DAC12_0DAT
000001ca   DAC12_1DAT
000001d0   DMA0CTL
000001d2   DMA0SA
000001d2   DMA0SAL
000001d6   DMA0DA
000001d6   DMA0DAL
000001da   DMA0SZ
000001dc   DMA1CTL
000001de   DMA1SA
000001de   DMA1SAL
000001e2   DMA1DA
000001e2   DMA1DAL
000001e6   DMA1SZ
000001e8   DMA2CTL
000001ea   DMA2SA
000001ea   DMA2SAL
000001ee   DMA2DA
000001ee   DMA2DAL
000001f2   DMA2SZ
00000400   __STACK_SIZE
00000400   __SYSMEM_SIZE
00001100   _sys_memory
00001500   .bss
00001500   __bss__
00001500   msp430
00001664   _ftable
000016dc   _tmpnams
0000177c   _ft_end
000018a8   devices
000018b4   _lock
000018b8   _unlock
000018bc   _cleanup_ptr
000018c0   _dtors_ptr
000018cc   systemTimer
000018d2   _CIOBUF_
000018d2   __end__
000018d2   end
00001d00   _stack
00002100   __STACK_END
00002100   __cinit__
00002100   cinit
0000217e   _c_int00
0000217e   _c_int00_noargs
000021b6   initialize_msp430_IO_ports
000027c0   fputs
00002896   clearDigitalOutput
00002960   setDigitalOutput
00002a22   _printfi_minimal
00002ae2   kickTheDog
00002ba0   setvbuf
00002c5a   malloc
00002d00   HOSTlseek
00002d86   fputc
00002d86   putc
00002e08   free
00002e88   _wrt_ok
00002f02   initialize_analogToDigitalConverter
00002f72   HOSTrename
00003040   HOSTopen
000030a2   _doflush
00003104   fclose
00003164   HOSTwrite
000031c2   fseek
00003220   HOSTread
0000327c   __divul
0000327c   __remul
0000337c   lseek
000033cc   close
00003416   _auto_init
0000345c   HOSTclose
000034e4   fflush
00003528   write
0000356c   HOSTunlink
000035ee   realTimeClock_reset
0000362e   L_LSL_15
00003632   L_LSL_14
00003636   L_LSL_13
0000363a   L_LSL_12
0000363e   L_LSL_11
00003642   L_LSL_10
00003646   L_LSL_9
0000364a   L_LSL_8
0000364e   L_LSL_7
00003652   L_LSL_6
00003656   L_LSL_5
0000365a   L_LSL_4
0000365e   L_LSL_3
00003662   L_LSL_2
00003666   L_LSL_1
0000366c   L_LSR_15
00003670   L_LSR_14
00003674   L_LSR_13
00003678   L_LSR_12
0000367c   L_LSR_11
00003680   L_LSR_10
00003684   L_LSR_9
00003688   L_LSR_8
0000368c   L_LSR_7
00003690   L_LSR_6
00003694   L_LSR_5
00003698   L_LSR_4
0000369c   L_LSR_3
000036a0   L_LSR_2
000036a4   L_LSR_1
000036aa   _cleanup
000036e4   minit
0000371e   strncpy
000037ba   exit
000037e8   printf
00003816   system_main
00003844   writemsg
0000386e   C$$IO$$
00003872   readmsg
0000389e   realTimeClock_timeSinceLastCheck
000038ca   initializeAnalogInput
000038f4   unlink
0000391e   memccpy
00003946   initializeDigitalInput
0000396c   initializeDigitalOutput
00003992   initializeSerialInput
000039b8   initializeSerialOutput
000039de   test_application_main
000039fe   strchr
00003a16   strcmp
00003a2e   test_COM
00003a46   test_application_initialize
00003a5e   __divu
00003a5e   __remu
00003a74   __mpyi_hw
00003a8a   strcpy
00003aa0   drivers_initialize
00003ab4   memchr
00003ac8   memset
00003adc   memcpy
00003aee   strlen
00003b00   system_initialize
00003b10   main
00003b1a   watchdog_initialize
00003b2e   _system_pre_init
00003b32   C$$EXIT
00003b32   abort
00003b36   remove
00003b3a   _nop
00003b3c   initialize_SPI
00003b3e   system_abort
00003ca0   WatchdogKickTimeInterval
00003ca6   HardwareConstant
0000fffe   _reset_vector
ffffffff   .text
ffffffff   __binit__
ffffffff   __c_args__
ffffffff   __etext__
ffffffff   __pinit__
ffffffff   __text__
ffffffff   binit
ffffffff   etext
ffffffff   pinit

[387 symbols]
