******************************************************************************
       MSP430 Evaluation Linker PC v3.3.1                      
******************************************************************************
>> Linked Wed Nov 23 21:00:43 2011

OUTPUT FILE NAME:   <Project-Cheesecake.out>
ENTRY POINT SYMBOL: "_c_int00"  address: 00002184


MEMORY CONFIGURATION

         name            origin    length      used     unused   attr    fill
----------------------  --------  ---------  --------  --------  ----  --------
  SFR                   00000000   00000010  00000000  00000010  RWIX
  PERIPHERALS_8BIT      00000010   000000f0  00000000  000000f0  RWIX
  PERIPHERALS_16BIT     00000100   00000100  00000000  00000100  RWIX
  INFOB                 00001000   00000080  00000000  00000080  RWIX
  INFOA                 00001080   00000080  00000000  00000080  RWIX
  RAM                   00001100   00001000  00000780  00000880  RWIX
  FLASH                 00002100   0000dec0  00001112  0000cdae  RWIX
  INT00                 0000ffc0   00000002  00000000  00000002  RWIX
  INT01                 0000ffc2   00000002  00000000  00000002  RWIX
  INT02                 0000ffc4   00000002  00000000  00000002  RWIX
  INT03                 0000ffc6   00000002  00000000  00000002  RWIX
  INT04                 0000ffc8   00000002  00000000  00000002  RWIX
  INT05                 0000ffca   00000002  00000000  00000002  RWIX
  INT06                 0000ffcc   00000002  00000000  00000002  RWIX
  INT07                 0000ffce   00000002  00000000  00000002  RWIX
  INT08                 0000ffd0   00000002  00000000  00000002  RWIX
  INT09                 0000ffd2   00000002  00000000  00000002  RWIX
  INT10                 0000ffd4   00000002  00000000  00000002  RWIX
  INT11                 0000ffd6   00000002  00000000  00000002  RWIX
  INT12                 0000ffd8   00000002  00000000  00000002  RWIX
  INT13                 0000ffda   00000002  00000000  00000002  RWIX
  INT14                 0000ffdc   00000002  00000000  00000002  RWIX
  INT15                 0000ffde   00000002  00000000  00000002  RWIX
  INT16                 0000ffe0   00000002  00000000  00000002  RWIX
  INT17                 0000ffe2   00000002  00000000  00000002  RWIX
  INT18                 0000ffe4   00000002  00000000  00000002  RWIX
  INT19                 0000ffe6   00000002  00000000  00000002  RWIX
  INT20                 0000ffe8   00000002  00000000  00000002  RWIX
  INT21                 0000ffea   00000002  00000000  00000002  RWIX
  INT22                 0000ffec   00000002  00000000  00000002  RWIX
  INT23                 0000ffee   00000002  00000000  00000002  RWIX
  INT24                 0000fff0   00000002  00000000  00000002  RWIX
  INT25                 0000fff2   00000002  00000000  00000002  RWIX
  INT26                 0000fff4   00000002  00000000  00000002  RWIX
  INT27                 0000fff6   00000002  00000000  00000002  RWIX
  INT28                 0000fff8   00000002  00000000  00000002  RWIX
  INT29                 0000fffa   00000002  00000000  00000002  RWIX
  INT30                 0000fffc   00000002  00000000  00000002  RWIX
  RESET                 0000fffe   00000002  00000002  00000000  RWIX
  FLASH2                00010000   00010000  00000000  00010000  RWIX


SECTION ALLOCATION MAP

 output                                  attributes/
section   page    origin      length       input sections
--------  ----  ----------  ----------   ----------------
.pinit     0    00002100    00000000     UNINITIALIZED

.bss       0    00001100    00000260     UNINITIALIZED
                  00001100    0000011a     rts430x.lib : defs.obj (.bss)
                  0000121a    000000a2                 : lowlev.obj (.bss)
                  000012bc    00000088                 : trgdrv.obj (.bss)
                  00001344    00000008                 : _lock.obj (.bss)
                  0000134c    00000008                 : boot.obj (.bss)
                  00001354    00000008                 : memory.obj (.bss)
                  0000135c    00000002     SystemConfig.obj (.bss)
                  0000135e    00000002     rts430x.lib : fopen.obj (.bss)

.sysmem    0    00001360    00000200     UNINITIALIZED
                  00001360    00000004     rts430x.lib : memory.obj (.sysmem)
                  00001364    000001fc     --HOLE--

.cio       0    00001560    00000120     UNINITIALIZED
                  00001560    00000120     rts430x.lib : trgmsg.obj (.cio)

.stack     0    00001f00    00000200     UNINITIALIZED
                  00001f00    00000002     rts430x.lib : boot.obj (.stack)
                  00001f02    000001fe     --HOLE--

.cinit     0    00002100    00000084     
                  00002100    00000042     rts430x.lib : lowlev.obj (.cinit)
                  00002142    0000002e                 : defs.obj (.cinit)
                  00002170    00000006     SystemConfig.obj (.cinit)
                  00002176    00000006     rts430x.lib : fopen.obj (.cinit)
                  0000217c    00000006                 : memory.obj (.cinit)
                  00002182    00000002     --HOLE-- [fill = 0]

.text:_isr 
*          0    00002184    00000038     
                  00002184    00000038     rts430x.lib : boot.obj (.text:_isr:_c_int00_noargs)

.text      0    000021bc    00000fea     
                  000021bc    0000010e     rts430x.lib : _printfi_min.obj (.text:_setfield)
                  000022ca    000000d6                 : fputs.obj (.text:fputs)
                  000023a0    000000c0                 : _printfi_min.obj (.text:_printfi_minimal)
                  00002460    000000ba                 : setvbuf.obj (.text:setvbuf)
                  0000251a    000000a6                 : memory.obj (.text:malloc)
                  000025c0    00000086                 : trgdrv.obj (.text:HOSTlseek)
                  00002646    00000082                 : fputc.obj (.text:fputc)
                  000026c8    00000080                 : memory.obj (.text:free)
                  00002748    0000007a                 : _io_perm.obj (.text:_wrt_ok)
                  000027c2    0000006a                 : trgdrv.obj (.text:HOSTrename)
                  0000282c    00000064                 : _printfi_min.obj (.text:_ltostr)
                  00002890    00000062                 : trgdrv.obj (.text:HOSTopen)
                  000028f2    00000062                 : fflush.obj (.text:_doflush)
                  00002954    00000060                 : fclose.obj (.text:fclose)
                  000029b4    0000005e                 : trgdrv.obj (.text:HOSTwrite)
                  00002a12    0000005e                 : fseek.obj (.text:fseek)
                  00002a70    0000005c                 : trgdrv.obj (.text:HOSTread)
                  00002acc    00000058                 : div32u.obj (.text)
                  00002b24    00000056                 : _printfi_min.obj (.text:_pproc_diouxp)
                  00002b7a    00000052                 : lowlev.obj (.text:getdevice)
                  00002bcc    00000050                 : lowlev.obj (.text:lseek)
                  00002c1c    0000004a                 : lowlev.obj (.text:close)
                  00002c66    00000046                 : autoinit.obj (.text:_auto_init)
                  00002cac    00000044                 : trgdrv.obj (.text:HOSTclose)
                  00002cf0    00000044                 : _printfi_min.obj (.text:_getarg_diouxp)
                  00002d34    00000044                 : lowlev.obj (.text:write)
                  00002d78    00000042                 : trgdrv.obj (.text:HOSTunlink)
                  00002dba    00000040                 : _printfi_min.obj (.text:_pproc_str)
                  00002dfa    0000003e                 : lsl32.obj (.text:l_lsl_const)
                  00002e38    0000003e                 : lsr32.obj (.text:l_lsr_const)
                  00002e76    0000003a                 : fopen.obj (.text:_cleanup)
                  00002eb0    0000003a                 : memory.obj (.text:minit)
                  00002eea    00000038                 : strncpy.obj (.text:strncpy)
                  00002f22    00000034                 : _printfi_min.obj (.text:_div)
                  00002f56    00000030                 : lowlev.obj (.text:finddevice)
                  00002f86    0000002e                 : exit.obj (.text:exit)
                  00002fb4    0000002e                 : printf.obj (.text:printf)
                  00002fe2    0000002e                 : trgmsg.obj (.text:writemsg)
                  00003010    0000002c                 : trgmsg.obj (.text:readmsg)
                  0000303c    0000002a                 : lowlev.obj (.text:unlink)
                  00003066    00000028                 : memccpy.obj (.text:memccpy)
                  0000308e    00000018                 : strchr.obj (.text:strchr)
                  000030a6    00000018                 : strcmp.obj (.text:strcmp)
                  000030be    00000016     Application.obj (.text:application_main)
                  000030d4    00000016     rts430x.lib : div16u.obj (.text)
                  000030ea    00000016                 : mult16_hw.obj (.text)
                  00003100    00000016                 : strcpy.obj (.text:strcpy)
                  00003116    00000016     System.obj (.text:system_initialize)
                  0000312c    00000014     rts430x.lib : memchr.obj (.text:memchr)
                  00003140    00000014                 : memset.obj (.text:memset)
                  00003154    00000012     main.obj (.text:main)
                  00003166    00000012     rts430x.lib : memcpy.obj (.text:memcpy)
                  00003178    00000012                 : strlen.obj (.text:strlen)
                  0000318a    00000006                 : printf.obj (.text:_outc)
                  00003190    00000004                 : printf.obj (.text:_outs)
                  00003194    00000004                 : pre_init.obj (.text:_system_pre_init)
                  00003198    00000004                 : exit.obj (.text:abort)
                  0000319c    00000004                 : remove.obj (.text:remove)
                  000031a0    00000002                 : _lock.obj (.text:_nop)
                  000031a2    00000002     Application.obj (.text:application_initialize)
                  000031a4    00000002     Drivers.obj (.text:drivers_initialize)

.const     0    000031a6    0000006c     
                  000031a6    00000038     Application.obj (.const:.string)
                  000031de    00000016     SystemConfig.obj (.const:.string)
                  000031f4    00000014     rts430x.lib : _printfi_min.obj (.const:.string)
                  00003208    00000004     System.obj (.const:.string)
                  0000320c    00000002     rts430x.lib : fputs.obj (.const:.string)
                  0000320e    00000002     ApplicationConfig.obj (.const)
                  00003210    00000002     DriversConfig.obj (.const)

.reset     0    0000fffe    00000002     
                  0000fffe    00000002     rts430x.lib : boot.obj (.reset)


GLOBAL SYMBOLS: SORTED ALPHABETICALLY BY Name 

address    name
--------   ----
00001100   .bss
ffffffff   .text
000001a0   ADC12CTL0
000001a2   ADC12CTL1
000001a6   ADC12IE
000001a4   ADC12IFG
000001a8   ADC12IV
00000080   ADC12MCTL0
00000081   ADC12MCTL1
0000008a   ADC12MCTL10
0000008b   ADC12MCTL11
0000008c   ADC12MCTL12
0000008d   ADC12MCTL13
0000008e   ADC12MCTL14
0000008f   ADC12MCTL15
00000082   ADC12MCTL2
00000083   ADC12MCTL3
00000084   ADC12MCTL4
00000085   ADC12MCTL5
00000086   ADC12MCTL6
00000087   ADC12MCTL7
00000088   ADC12MCTL8
00000089   ADC12MCTL9
00000140   ADC12MEM0
00000142   ADC12MEM1
00000154   ADC12MEM10
00000156   ADC12MEM11
00000158   ADC12MEM12
0000015a   ADC12MEM13
0000015c   ADC12MEM14
0000015e   ADC12MEM15
00000144   ADC12MEM2
00000146   ADC12MEM3
00000148   ADC12MEM4
0000014a   ADC12MEM5
0000014c   ADC12MEM6
0000014e   ADC12MEM7
00000150   ADC12MEM8
00000152   ADC12MEM9
0000320e   AnswerToLifeTheUniverseAndEverything
00000046   BTCNT1
00000046   BTCNT12
00000047   BTCNT2
00000040   BTCTL
00003198   C$$EXIT
0000300c   C$$IO$$
00000059   CACTL1
0000005a   CACTL2
0000005b   CAPD
000001c0   DAC12_0CTL
000001c8   DAC12_0DAT
000001c2   DAC12_1CTL
000001ca   DAC12_1DAT
000001d0   DMA0CTL
000001d6   DMA0DA
000001d6   DMA0DAL
000001d2   DMA0SA
000001d2   DMA0SAL
000001da   DMA0SZ
000001dc   DMA1CTL
000001e2   DMA1DA
000001e2   DMA1DAL
000001de   DMA1SA
000001de   DMA1SAL
000001e6   DMA1SZ
000001e8   DMA2CTL
000001ee   DMA2DA
000001ee   DMA2DAL
000001ea   DMA2SA
000001ea   DMA2SAL
000001f2   DMA2SZ
00000122   DMACTL0
00000124   DMACTL1
00000126   DMAIV
00000128   FCTL1
0000012a   FCTL2
0000012c   FCTL3
00000053   FLL_CTL0
00000054   FLL_CTL1
00002cac   HOSTclose
000025c0   HOSTlseek
00002890   HOSTopen
00002a70   HOSTread
000027c2   HOSTrename
00002d78   HOSTunlink
000029b4   HOSTwrite
00003210   HardwareConstant
00000000   IE1
00000001   IE2
00000002   IFG1
00000003   IFG2
00000090   LCDACTL
000000ac   LCDAPCTL0
000000ad   LCDAPCTL1
000000ae   LCDAVCTL0
000000af   LCDAVCTL1
00000091   LCDM1
0000009a   LCDM10
0000009b   LCDM11
0000009c   LCDM12
0000009d   LCDM13
0000009e   LCDM14
0000009f   LCDM15
000000a0   LCDM16
000000a1   LCDM17
000000a2   LCDM18
000000a3   LCDM19
00000092   LCDM2
000000a4   LCDM20
00000093   LCDM3
00000094   LCDM4
00000095   LCDM5
00000096   LCDM6
00000097   LCDM7
00000098   LCDM8
00000099   LCDM9
00002e32   L_LSL_1
00002e0e   L_LSL_10
00002e0a   L_LSL_11
00002e06   L_LSL_12
00002e02   L_LSL_13
00002dfe   L_LSL_14
00002dfa   L_LSL_15
00002e2e   L_LSL_2
00002e2a   L_LSL_3
00002e26   L_LSL_4
00002e22   L_LSL_5
00002e1e   L_LSL_6
00002e1a   L_LSL_7
00002e16   L_LSL_8
00002e12   L_LSL_9
00002e70   L_LSR_1
00002e4c   L_LSR_10
00002e48   L_LSR_11
00002e44   L_LSR_12
00002e40   L_LSR_13
00002e3c   L_LSR_14
00002e38   L_LSR_15
00002e6c   L_LSR_2
00002e68   L_LSR_3
00002e64   L_LSR_4
00002e60   L_LSR_5
00002e5c   L_LSR_6
00002e58   L_LSR_7
00002e54   L_LSR_8
00002e50   L_LSR_9
00000134   MAC
00000136   MACS
00000005   ME2
00000130   MPY
00000132   MPYS
000000c0   OA0CTL0
000000c1   OA0CTL1
000000c2   OA1CTL0
000000c3   OA1CTL1
000000c4   OA2CTL0
000000c5   OA2CTL1
00000138   OP2
0000000d   P10DIR
00000009   P10IN
0000000b   P10OUT
0000000f   P10SEL
00000022   P1DIR
00000025   P1IE
00000024   P1IES
00000023   P1IFG
00000020   P1IN
00000021   P1OUT
00000026   P1SEL
0000002a   P2DIR
0000002d   P2IE
0000002c   P2IES
0000002b   P2IFG
00000028   P2IN
00000029   P2OUT
0000002e   P2SEL
0000001a   P3DIR
00000018   P3IN
00000019   P3OUT
0000001b   P3SEL
0000001e   P4DIR
0000001c   P4IN
0000001d   P4OUT
0000001f   P4SEL
00000032   P5DIR
00000030   P5IN
00000031   P5OUT
00000033   P5SEL
00000036   P6DIR
00000034   P6IN
00000035   P6OUT
00000037   P6SEL
0000003c   P7DIR
00000038   P7IN
0000003a   P7OUT
0000003e   P7SEL
0000003d   P8DIR
00000039   P8IN
0000003b   P8OUT
0000003f   P8SEL
0000000c   P9DIR
00000008   P9IN
0000000a   P9OUT
0000000e   P9SEL
0000003c   PADIR
00000038   PAIN
0000003a   PAOUT
0000003e   PASEL
0000000c   PBDIR
00000008   PBIN
0000000a   PBOUT
0000000e   PBSEL
0000013c   RESHI
0000013a   RESLO
00000041   RTCCTL
0000004c   RTCDATE
0000004c   RTCDAY
0000004d   RTCMON
00000042   RTCNT1
00000043   RTCNT2
00000044   RTCNT3
00000045   RTCNT4
00000042   RTCTIM0
00000044   RTCTIM1
00000040   RTCTL
0000004e   RTCYEAR
0000004f   RTCYEARH
0000004e   RTCYEARL
00000050   SCFI0
00000051   SCFI1
00000052   SCFQCTL
0000013e   SUMEXT
00000056   SVSCTL
00000172   TACCR0
00000174   TACCR1
00000176   TACCR2
00000162   TACCTL0
00000164   TACCTL1
00000166   TACCTL2
00000160   TACTL
0000012e   TAIV
00000170   TAR
00000192   TBCCR0
00000194   TBCCR1
00000196   TBCCR2
00000198   TBCCR3
0000019a   TBCCR4
0000019c   TBCCR5
0000019e   TBCCR6
00000182   TBCCTL0
00000184   TBCCTL1
00000186   TBCCTL2
00000188   TBCCTL3
0000018a   TBCCTL4
0000018c   TBCCTL5
0000018e   TBCCTL6
00000180   TBCTL
0000011e   TBIV
00000190   TBR
0000135c   TheSystemIsDown
0000007c   U1BR0
0000007d   U1BR1
00000078   U1CTL
0000007b   U1MCTL
0000007a   U1RCTL
0000007e   U1RXBUF
00000079   U1TCTL
0000007f   U1TXBUF
0000005d   UCA0ABCTL
00000062   UCA0BR0
00000063   UCA0BR1
00000060   UCA0CTL0
00000061   UCA0CTL1
0000005f   UCA0IRRCTL
0000005e   UCA0IRTCTL
00000064   UCA0MCTL
00000066   UCA0RXBUF
00000065   UCA0STAT
00000067   UCA0TXBUF
0000006a   UCB0BR0
0000006b   UCB0BR1
00000068   UCB0CTL0
00000069   UCB0CTL1
0000006c   UCB0I2CIE
00000118   UCB0I2COA
0000011a   UCB0I2CSA
0000006e   UCB0RXBUF
0000006d   UCB0STAT
0000006f   UCB0TXBUF
00000120   WDTCTL
00001560   _CIOBUF_
00002100   __STACK_END
00000200   __STACK_SIZE
00000200   __SYSMEM_SIZE
00000001   __TI_args_main
00000001   __TI_auto_init
00000001   __TI_exit
ffffffff   __binit__
00001100   __bss__
ffffffff   __c_args__
00002100   __cinit__
000030d4   __divu
00002acc   __divul
00001360   __end__
ffffffff   __etext__
000030ea   __mpyi_hw
ffffffff   __pinit__
000030d4   __remu
00002acc   __remul
ffffffff   __text__
00002c66   _auto_init
00002184   _c_int00
00002184   _c_int00_noargs
00002e76   _cleanup
0000134c   _cleanup_ptr
000028f2   _doflush
00001350   _dtors_ptr
00001218   _ft_end
00001100   _ftable
00001344   _lock
000031a0   _nop
000023a0   _printfi_minimal
0000fffe   _reset_vector
00001f00   _stack
00001360   _sys_memory
00003194   _system_pre_init
00001178   _tmpnams
00001348   _unlock
00002748   _wrt_ok
00003198   abort
000031a2   application_initialize
000030be   application_main
ffffffff   binit
00002100   cinit
00002c1c   close
000031a4   drivers_initialize
00001360   end
ffffffff   etext
00002f86   exit
00002954   fclose
00002646   fputc
000022ca   fputs
000026c8   free
00002a12   fseek
00002bcc   lseek
00003154   main
0000251a   malloc
00003066   memccpy
0000312c   memchr
00003166   memcpy
00003140   memset
00002eb0   minit
ffffffff   pinit
00002fb4   printf
00002646   putc
00003010   readmsg
0000319c   remove
00002460   setvbuf
0000308e   strchr
000030a6   strcmp
00003100   strcpy
00003178   strlen
00002eea   strncpy
00003116   system_initialize
0000303c   unlink
00002d34   write
00002fe2   writemsg


GLOBAL SYMBOLS: SORTED BY Symbol Address 

address    name
--------   ----
00000000   IE1
00000001   IE2
00000001   __TI_args_main
00000001   __TI_auto_init
00000001   __TI_exit
00000002   IFG1
00000003   IFG2
00000005   ME2
00000008   P9IN
00000008   PBIN
00000009   P10IN
0000000a   P9OUT
0000000a   PBOUT
0000000b   P10OUT
0000000c   P9DIR
0000000c   PBDIR
0000000d   P10DIR
0000000e   P9SEL
0000000e   PBSEL
0000000f   P10SEL
00000018   P3IN
00000019   P3OUT
0000001a   P3DIR
0000001b   P3SEL
0000001c   P4IN
0000001d   P4OUT
0000001e   P4DIR
0000001f   P4SEL
00000020   P1IN
00000021   P1OUT
00000022   P1DIR
00000023   P1IFG
00000024   P1IES
00000025   P1IE
00000026   P1SEL
00000028   P2IN
00000029   P2OUT
0000002a   P2DIR
0000002b   P2IFG
0000002c   P2IES
0000002d   P2IE
0000002e   P2SEL
00000030   P5IN
00000031   P5OUT
00000032   P5DIR
00000033   P5SEL
00000034   P6IN
00000035   P6OUT
00000036   P6DIR
00000037   P6SEL
00000038   P7IN
00000038   PAIN
00000039   P8IN
0000003a   P7OUT
0000003a   PAOUT
0000003b   P8OUT
0000003c   P7DIR
0000003c   PADIR
0000003d   P8DIR
0000003e   P7SEL
0000003e   PASEL
0000003f   P8SEL
00000040   BTCTL
00000040   RTCTL
00000041   RTCCTL
00000042   RTCNT1
00000042   RTCTIM0
00000043   RTCNT2
00000044   RTCNT3
00000044   RTCTIM1
00000045   RTCNT4
00000046   BTCNT1
00000046   BTCNT12
00000047   BTCNT2
0000004c   RTCDATE
0000004c   RTCDAY
0000004d   RTCMON
0000004e   RTCYEAR
0000004e   RTCYEARL
0000004f   RTCYEARH
00000050   SCFI0
00000051   SCFI1
00000052   SCFQCTL
00000053   FLL_CTL0
00000054   FLL_CTL1
00000056   SVSCTL
00000059   CACTL1
0000005a   CACTL2
0000005b   CAPD
0000005d   UCA0ABCTL
0000005e   UCA0IRTCTL
0000005f   UCA0IRRCTL
00000060   UCA0CTL0
00000061   UCA0CTL1
00000062   UCA0BR0
00000063   UCA0BR1
00000064   UCA0MCTL
00000065   UCA0STAT
00000066   UCA0RXBUF
00000067   UCA0TXBUF
00000068   UCB0CTL0
00000069   UCB0CTL1
0000006a   UCB0BR0
0000006b   UCB0BR1
0000006c   UCB0I2CIE
0000006d   UCB0STAT
0000006e   UCB0RXBUF
0000006f   UCB0TXBUF
00000078   U1CTL
00000079   U1TCTL
0000007a   U1RCTL
0000007b   U1MCTL
0000007c   U1BR0
0000007d   U1BR1
0000007e   U1RXBUF
0000007f   U1TXBUF
00000080   ADC12MCTL0
00000081   ADC12MCTL1
00000082   ADC12MCTL2
00000083   ADC12MCTL3
00000084   ADC12MCTL4
00000085   ADC12MCTL5
00000086   ADC12MCTL6
00000087   ADC12MCTL7
00000088   ADC12MCTL8
00000089   ADC12MCTL9
0000008a   ADC12MCTL10
0000008b   ADC12MCTL11
0000008c   ADC12MCTL12
0000008d   ADC12MCTL13
0000008e   ADC12MCTL14
0000008f   ADC12MCTL15
00000090   LCDACTL
00000091   LCDM1
00000092   LCDM2
00000093   LCDM3
00000094   LCDM4
00000095   LCDM5
00000096   LCDM6
00000097   LCDM7
00000098   LCDM8
00000099   LCDM9
0000009a   LCDM10
0000009b   LCDM11
0000009c   LCDM12
0000009d   LCDM13
0000009e   LCDM14
0000009f   LCDM15
000000a0   LCDM16
000000a1   LCDM17
000000a2   LCDM18
000000a3   LCDM19
000000a4   LCDM20
000000ac   LCDAPCTL0
000000ad   LCDAPCTL1
000000ae   LCDAVCTL0
000000af   LCDAVCTL1
000000c0   OA0CTL0
000000c1   OA0CTL1
000000c2   OA1CTL0
000000c3   OA1CTL1
000000c4   OA2CTL0
000000c5   OA2CTL1
00000118   UCB0I2COA
0000011a   UCB0I2CSA
0000011e   TBIV
00000120   WDTCTL
00000122   DMACTL0
00000124   DMACTL1
00000126   DMAIV
00000128   FCTL1
0000012a   FCTL2
0000012c   FCTL3
0000012e   TAIV
00000130   MPY
00000132   MPYS
00000134   MAC
00000136   MACS
00000138   OP2
0000013a   RESLO
0000013c   RESHI
0000013e   SUMEXT
00000140   ADC12MEM0
00000142   ADC12MEM1
00000144   ADC12MEM2
00000146   ADC12MEM3
00000148   ADC12MEM4
0000014a   ADC12MEM5
0000014c   ADC12MEM6
0000014e   ADC12MEM7
00000150   ADC12MEM8
00000152   ADC12MEM9
00000154   ADC12MEM10
00000156   ADC12MEM11
00000158   ADC12MEM12
0000015a   ADC12MEM13
0000015c   ADC12MEM14
0000015e   ADC12MEM15
00000160   TACTL
00000162   TACCTL0
00000164   TACCTL1
00000166   TACCTL2
00000170   TAR
00000172   TACCR0
00000174   TACCR1
00000176   TACCR2
00000180   TBCTL
00000182   TBCCTL0
00000184   TBCCTL1
00000186   TBCCTL2
00000188   TBCCTL3
0000018a   TBCCTL4
0000018c   TBCCTL5
0000018e   TBCCTL6
00000190   TBR
00000192   TBCCR0
00000194   TBCCR1
00000196   TBCCR2
00000198   TBCCR3
0000019a   TBCCR4
0000019c   TBCCR5
0000019e   TBCCR6
000001a0   ADC12CTL0
000001a2   ADC12CTL1
000001a4   ADC12IFG
000001a6   ADC12IE
000001a8   ADC12IV
000001c0   DAC12_0CTL
000001c2   DAC12_1CTL
000001c8   DAC12_0DAT
000001ca   DAC12_1DAT
000001d0   DMA0CTL
000001d2   DMA0SA
000001d2   DMA0SAL
000001d6   DMA0DA
000001d6   DMA0DAL
000001da   DMA0SZ
000001dc   DMA1CTL
000001de   DMA1SA
000001de   DMA1SAL
000001e2   DMA1DA
000001e2   DMA1DAL
000001e6   DMA1SZ
000001e8   DMA2CTL
000001ea   DMA2SA
000001ea   DMA2SAL
000001ee   DMA2DA
000001ee   DMA2DAL
000001f2   DMA2SZ
00000200   __STACK_SIZE
00000200   __SYSMEM_SIZE
00001100   .bss
00001100   __bss__
00001100   _ftable
00001178   _tmpnams
00001218   _ft_end
00001344   _lock
00001348   _unlock
0000134c   _cleanup_ptr
00001350   _dtors_ptr
0000135c   TheSystemIsDown
00001360   __end__
00001360   _sys_memory
00001360   end
00001560   _CIOBUF_
00001f00   _stack
00002100   __STACK_END
00002100   __cinit__
00002100   cinit
00002184   _c_int00
00002184   _c_int00_noargs
000022ca   fputs
000023a0   _printfi_minimal
00002460   setvbuf
0000251a   malloc
000025c0   HOSTlseek
00002646   fputc
00002646   putc
000026c8   free
00002748   _wrt_ok
000027c2   HOSTrename
00002890   HOSTopen
000028f2   _doflush
00002954   fclose
000029b4   HOSTwrite
00002a12   fseek
00002a70   HOSTread
00002acc   __divul
00002acc   __remul
00002bcc   lseek
00002c1c   close
00002c66   _auto_init
00002cac   HOSTclose
00002d34   write
00002d78   HOSTunlink
00002dfa   L_LSL_15
00002dfe   L_LSL_14
00002e02   L_LSL_13
00002e06   L_LSL_12
00002e0a   L_LSL_11
00002e0e   L_LSL_10
00002e12   L_LSL_9
00002e16   L_LSL_8
00002e1a   L_LSL_7
00002e1e   L_LSL_6
00002e22   L_LSL_5
00002e26   L_LSL_4
00002e2a   L_LSL_3
00002e2e   L_LSL_2
00002e32   L_LSL_1
00002e38   L_LSR_15
00002e3c   L_LSR_14
00002e40   L_LSR_13
00002e44   L_LSR_12
00002e48   L_LSR_11
00002e4c   L_LSR_10
00002e50   L_LSR_9
00002e54   L_LSR_8
00002e58   L_LSR_7
00002e5c   L_LSR_6
00002e60   L_LSR_5
00002e64   L_LSR_4
00002e68   L_LSR_3
00002e6c   L_LSR_2
00002e70   L_LSR_1
00002e76   _cleanup
00002eb0   minit
00002eea   strncpy
00002f86   exit
00002fb4   printf
00002fe2   writemsg
0000300c   C$$IO$$
00003010   readmsg
0000303c   unlink
00003066   memccpy
0000308e   strchr
000030a6   strcmp
000030be   application_main
000030d4   __divu
000030d4   __remu
000030ea   __mpyi_hw
00003100   strcpy
00003116   system_initialize
0000312c   memchr
00003140   memset
00003154   main
00003166   memcpy
00003178   strlen
00003194   _system_pre_init
00003198   C$$EXIT
00003198   abort
0000319c   remove
000031a0   _nop
000031a2   application_initialize
000031a4   drivers_initialize
0000320e   AnswerToLifeTheUniverseAndEverything
00003210   HardwareConstant
0000fffe   _reset_vector
ffffffff   .text
ffffffff   __binit__
ffffffff   __c_args__
ffffffff   __etext__
ffffffff   __pinit__
ffffffff   __text__
ffffffff   binit
ffffffff   etext
ffffffff   pinit

[367 symbols]
